{
  "name" : "John Doe",
  "username" : "john.doe",
  "permissions" : {
    "risk_management" : false,
    "platform_operations" : true
  }
}