{
  "metadata": {
    "name": "john.doe",
    "description": "john.doe",
    "ordering": 1,
    "tags": {}
  },
  "summary": "john.doe",
  "description": "john.doe",
  "behavior": "user",
  "name": "john.doe",
  "compliance": {
    "phi_data": false,
    "pci_data": false,
    "pii_data": false
  },
  "data": [
    {
      "name": "user_john_doe",
      "location": "hdfs://cluster/user/john_doe/db",
      "size_in_gb": 250,
      "managing_group": {
        "group": {
          "common_name": "user_john_doe",
          "distinguished_name": "cn=user_john_doe,ou=heimdali,dc=jotunn,dc=io",
          "sentry_role": "role_user_john_doe",
          "attributes": [
            ["dn", "cn=user_john_doe,ou=heimdali,dc=jotunn,dc=io"],
            ["objectClass", "group"],
            ["objectClass", "top"],
            ["sAMAccountName", "user_john_doe"],
            ["cn", "user_john_doe"],
            ["gidNumber", "123"]
          ]
        }
      }
    }
  ],
  "applications": [],
  "single_user": true,
  "requester": "cn=john.doe,ou=hadoop,dc=example,dc=com",
  "status": "Pending"
}
