// Jest Snapshot v1, https://goo.gl/fbAQLP

exports[`KafkaDetails renders correctly 1`] = `
ShallowWrapper {
  Symbol(enzyme.__root__): [Circular],
  Symbol(enzyme.__unrendered__): <KafkaDetails
    consumerGroup=""
    showModal={[Function]}
    topics={Array []}
  />,
  Symbol(enzyme.__renderer__): Object {
    "batchedUpdates": [Function],
    "getNode": [Function],
    "render": [Function],
    "simulateError": [Function],
    "simulateEvent": [Function],
    "unmount": [Function],
  },
  Symbol(enzyme.__node__): Object {
    "instance": null,
    "key": undefined,
    "nodeType": "class",
    "props": Object {
      "actions": Array [
        <a
          href="#"
          onClick={[Function]}
        >
          Add a topic
        </a>,
      ],
      "children": Array [
        <CardHeader
          heading="Kafka Topics"
          icon="sound"
          subheading=""
        />,
        <Row
          gutter={12}
          justify="center"
          style={
            Object {
              "marginTop": 18,
            }
          }
          type="flex"
        >
          <div
            style={
              Object {
                "color": "rgba(0, 0, 0, .65)",
              }
            }
          >
            No topics yet.
          </div>
        </Row>,
      ],
    },
    "ref": null,
    "rendered": Array [
      Object {
        "instance": null,
        "key": undefined,
        "nodeType": "function",
        "props": Object {
          "heading": "Kafka Topics",
          "icon": "sound",
          "subheading": "",
        },
        "ref": null,
        "rendered": null,
        "type": [Function],
      },
      Object {
        "instance": null,
        "key": undefined,
        "nodeType": "class",
        "props": Object {
          "children": Array [
            false,
            <div
              style={
                Object {
                  "color": "rgba(0, 0, 0, .65)",
                }
              }
            >
              No topics yet.
            </div>,
          ],
          "gutter": 12,
          "justify": "center",
          "style": Object {
            "marginTop": 18,
          },
          "type": "flex",
        },
        "ref": null,
        "rendered": Array [
          false,
          Object {
            "instance": null,
            "key": undefined,
            "nodeType": "host",
            "props": Object {
              "children": "No topics yet.",
              "style": Object {
                "color": "rgba(0, 0, 0, .65)",
              },
            },
            "ref": null,
            "rendered": "No topics yet.",
            "type": "div",
          },
        ],
        "type": [Function],
      },
    ],
    "type": [Function],
  },
  Symbol(enzyme.__nodes__): Array [
    Object {
      "instance": null,
      "key": undefined,
      "nodeType": "class",
      "props": Object {
        "actions": Array [
          <a
            href="#"
            onClick={[Function]}
          >
            Add a topic
          </a>,
        ],
        "children": Array [
          <CardHeader
            heading="Kafka Topics"
            icon="sound"
            subheading=""
          />,
          <Row
            gutter={12}
            justify="center"
            style={
              Object {
                "marginTop": 18,
              }
            }
            type="flex"
          >
            <div
              style={
                Object {
                  "color": "rgba(0, 0, 0, .65)",
                }
              }
            >
              No topics yet.
            </div>
          </Row>,
        ],
      },
      "ref": null,
      "rendered": Array [
        Object {
          "instance": null,
          "key": undefined,
          "nodeType": "function",
          "props": Object {
            "heading": "Kafka Topics",
            "icon": "sound",
            "subheading": "",
          },
          "ref": null,
          "rendered": null,
          "type": [Function],
        },
        Object {
          "instance": null,
          "key": undefined,
          "nodeType": "class",
          "props": Object {
            "children": Array [
              false,
              <div
                style={
                  Object {
                    "color": "rgba(0, 0, 0, .65)",
                  }
                }
              >
                No topics yet.
              </div>,
            ],
            "gutter": 12,
            "justify": "center",
            "style": Object {
              "marginTop": 18,
            },
            "type": "flex",
          },
          "ref": null,
          "rendered": Array [
            false,
            Object {
              "instance": null,
              "key": undefined,
              "nodeType": "host",
              "props": Object {
                "children": "No topics yet.",
                "style": Object {
                  "color": "rgba(0, 0, 0, .65)",
                },
              },
              "ref": null,
              "rendered": "No topics yet.",
              "type": "div",
            },
          ],
          "type": [Function],
        },
      ],
      "type": [Function],
    },
  ],
  Symbol(enzyme.__options__): Object {
    "adapter": ReactSixteenAdapter {
      "options": Object {
        "enableComponentDidUpdateOnSetState": true,
        "lifecycles": Object {
          "componentDidUpdate": Object {
            "onSetState": true,
          },
          "getDerivedStateFromProps": true,
          "getSnapshotBeforeUpdate": true,
          "setState": Object {
            "skipsComponentDidUpdateOnNullish": true,
          },
        },
      },
    },
    "attachTo": undefined,
    "hydrateIn": undefined,
  },
}
`;
