// Jest Snapshot v1, https://goo.gl/fbAQLP

exports[`BehaviorPage renders correctly 1`] = `ShallowWrapper {}`;
