// Jest Snapshot v1, https://goo.gl/fbAQLP

exports[`OverviewPage renders correctly 1`] = `
ShallowWrapper {
  Symbol(enzyme.__root__): [Circular],
  Symbol(enzyme.__unrendered__): <WithFormik(OverviewPage)
    setRequest={[Function]}
  />,
  Symbol(enzyme.__renderer__): Object {
    "batchedUpdates": [Function],
    "getNode": [Function],
    "render": [Function],
    "simulateError": [Function],
    "simulateEvent": [Function],
    "unmount": [Function],
  },
  Symbol(enzyme.__node__): Object {
    "instance": null,
    "key": undefined,
    "nodeType": "class",
    "props": Object {
      "enableReinitialize": false,
      "handleSubmit": [Function],
      "initialValues": Object {
        "compliance": Object {
          "pci_data": false,
          "phi_data": false,
          "pii_data": false,
        },
        "description": "",
        "name": "",
        "summary": "",
      },
      "isInitialValid": false,
      "onSubmit": [Function],
      "render": [Function],
      "setRequest": [Function],
      "validate": undefined,
      "validateOnBlur": true,
      "validateOnChange": true,
      "validationSchema": [Function],
    },
    "ref": null,
    "rendered": null,
    "type": [Function],
  },
  Symbol(enzyme.__nodes__): Array [
    Object {
      "instance": null,
      "key": undefined,
      "nodeType": "class",
      "props": Object {
        "enableReinitialize": false,
        "handleSubmit": [Function],
        "initialValues": Object {
          "compliance": Object {
            "pci_data": false,
            "phi_data": false,
            "pii_data": false,
          },
          "description": "",
          "name": "",
          "summary": "",
        },
        "isInitialValid": false,
        "onSubmit": [Function],
        "render": [Function],
        "setRequest": [Function],
        "validate": undefined,
        "validateOnBlur": true,
        "validateOnChange": true,
        "validationSchema": [Function],
      },
      "ref": null,
      "rendered": null,
      "type": [Function],
    },
  ],
  Symbol(enzyme.__options__): Object {
    "adapter": ReactSixteenAdapter {
      "options": Object {
        "enableComponentDidUpdateOnSetState": true,
        "lifecycles": Object {
          "componentDidUpdate": Object {
            "onSetState": true,
          },
          "getDerivedStateFromProps": true,
          "getSnapshotBeforeUpdate": true,
          "setState": Object {
            "skipsComponentDidUpdateOnNullish": true,
          },
        },
      },
    },
    "attachTo": undefined,
    "hydrateIn": undefined,
  },
}
`;
