// Jest Snapshot v1, https://goo.gl/fbAQLP

exports[`SummaryPage renders correctly 1`] = `ShallowWrapper {}`;
