// Jest Snapshot v1, https://goo.gl/fbAQLP

exports[`Allocations renders correctly 1`] = `
ShallowWrapper {
  Symbol(enzyme.__root__): [Circular],
  Symbol(enzyme.__unrendered__): <Allocations
    allocated={1}
    location=""
  />,
  Symbol(enzyme.__renderer__): Object {
    "batchedUpdates": [Function],
    "getNode": [Function],
    "render": [Function],
    "simulateError": [Function],
    "simulateEvent": [Function],
    "unmount": [Function],
  },
  Symbol(enzyme.__node__): Object {
    "instance": null,
    "key": undefined,
    "nodeType": "class",
    "props": Object {
      "bodyStyle": Object {
        "display": "flex",
        "flex": 1,
        "flexDirection": "column",
      },
      "children": Array [
        <Label
          style={
            Object {
              "textAlign": "center",
            }
          }
        >
          Available Capacity
        </Label>,
        <div
          style={
            Object {
              "alignItems": "center",
              "display": "flex",
              "flex": 1,
              "flexDirection": "column",
              "justifyContent": "center",
              "textAlign": "center",
            }
          }
        >
          <Doughnut
            data={
              Object {
                "datasets": Array [
                  Object {
                    "backgroundColor": Array [
                      "rgb(67, 170, 139)",
                      "hsl(161.89999999999998, 43.5%, 69.7%)",
                    ],
                    "data": Array [
                      1,
                      0,
                    ],
                    "label": false,
                  },
                ],
                "labels": Array [
                  "Available (GB)",
                  "Consumed (GB)",
                ],
              }
            }
            height={100}
            options={
              Object {
                "legend": false,
                "maintainAspectRatio": false,
                "title": false,
              }
            }
            redraw={false}
            width={100}
          />
        </div>,
        <div
          style={
            Object {
              "letterSpacing": 1,
              "textAlign": "center",
            }
          }
        >
          1.0/1.0 GB
        </div>,
      ],
      "style": Object {
        "display": "flex",
        "flex": 1,
      },
    },
    "ref": null,
    "rendered": Array [
      Object {
        "instance": null,
        "key": undefined,
        "nodeType": "function",
        "props": Object {
          "children": "Available Capacity",
          "style": Object {
            "textAlign": "center",
          },
        },
        "ref": null,
        "rendered": "Available Capacity",
        "type": [Function],
      },
      Object {
        "instance": null,
        "key": undefined,
        "nodeType": "host",
        "props": Object {
          "children": <Doughnut
            data={
              Object {
                "datasets": Array [
                  Object {
                    "backgroundColor": Array [
                      "rgb(67, 170, 139)",
                      "hsl(161.89999999999998, 43.5%, 69.7%)",
                    ],
                    "data": Array [
                      1,
                      0,
                    ],
                    "label": false,
                  },
                ],
                "labels": Array [
                  "Available (GB)",
                  "Consumed (GB)",
                ],
              }
            }
            height={100}
            options={
              Object {
                "legend": false,
                "maintainAspectRatio": false,
                "title": false,
              }
            }
            redraw={false}
            width={100}
          />,
          "style": Object {
            "alignItems": "center",
            "display": "flex",
            "flex": 1,
            "flexDirection": "column",
            "justifyContent": "center",
            "textAlign": "center",
          },
        },
        "ref": null,
        "rendered": Object {
          "instance": null,
          "key": undefined,
          "nodeType": "class",
          "props": Object {
            "data": Object {
              "datasets": Array [
                Object {
                  "backgroundColor": Array [
                    "rgb(67, 170, 139)",
                    "hsl(161.89999999999998, 43.5%, 69.7%)",
                  ],
                  "data": Array [
                    1,
                    0,
                  ],
                  "label": false,
                },
              ],
              "labels": Array [
                "Available (GB)",
                "Consumed (GB)",
              ],
            },
            "height": 100,
            "options": Object {
              "legend": false,
              "maintainAspectRatio": false,
              "title": false,
            },
            "redraw": false,
            "width": 100,
          },
          "ref": null,
          "rendered": null,
          "type": [Function],
        },
        "type": "div",
      },
      Object {
        "instance": null,
        "key": undefined,
        "nodeType": "host",
        "props": Object {
          "children": "1.0/1.0 GB",
          "style": Object {
            "letterSpacing": 1,
            "textAlign": "center",
          },
        },
        "ref": null,
        "rendered": "1.0/1.0 GB",
        "type": "div",
      },
    ],
    "type": [Function],
  },
  Symbol(enzyme.__nodes__): Array [
    Object {
      "instance": null,
      "key": undefined,
      "nodeType": "class",
      "props": Object {
        "bodyStyle": Object {
          "display": "flex",
          "flex": 1,
          "flexDirection": "column",
        },
        "children": Array [
          <Label
            style={
              Object {
                "textAlign": "center",
              }
            }
          >
            Available Capacity
          </Label>,
          <div
            style={
              Object {
                "alignItems": "center",
                "display": "flex",
                "flex": 1,
                "flexDirection": "column",
                "justifyContent": "center",
                "textAlign": "center",
              }
            }
          >
            <Doughnut
              data={
                Object {
                  "datasets": Array [
                    Object {
                      "backgroundColor": Array [
                        "rgb(67, 170, 139)",
                        "hsl(161.89999999999998, 43.5%, 69.7%)",
                      ],
                      "data": Array [
                        1,
                        0,
                      ],
                      "label": false,
                    },
                  ],
                  "labels": Array [
                    "Available (GB)",
                    "Consumed (GB)",
                  ],
                }
              }
              height={100}
              options={
                Object {
                  "legend": false,
                  "maintainAspectRatio": false,
                  "title": false,
                }
              }
              redraw={false}
              width={100}
            />
          </div>,
          <div
            style={
              Object {
                "letterSpacing": 1,
                "textAlign": "center",
              }
            }
          >
            1.0/1.0 GB
          </div>,
        ],
        "style": Object {
          "display": "flex",
          "flex": 1,
        },
      },
      "ref": null,
      "rendered": Array [
        Object {
          "instance": null,
          "key": undefined,
          "nodeType": "function",
          "props": Object {
            "children": "Available Capacity",
            "style": Object {
              "textAlign": "center",
            },
          },
          "ref": null,
          "rendered": "Available Capacity",
          "type": [Function],
        },
        Object {
          "instance": null,
          "key": undefined,
          "nodeType": "host",
          "props": Object {
            "children": <Doughnut
              data={
                Object {
                  "datasets": Array [
                    Object {
                      "backgroundColor": Array [
                        "rgb(67, 170, 139)",
                        "hsl(161.89999999999998, 43.5%, 69.7%)",
                      ],
                      "data": Array [
                        1,
                        0,
                      ],
                      "label": false,
                    },
                  ],
                  "labels": Array [
                    "Available (GB)",
                    "Consumed (GB)",
                  ],
                }
              }
              height={100}
              options={
                Object {
                  "legend": false,
                  "maintainAspectRatio": false,
                  "title": false,
                }
              }
              redraw={false}
              width={100}
            />,
            "style": Object {
              "alignItems": "center",
              "display": "flex",
              "flex": 1,
              "flexDirection": "column",
              "justifyContent": "center",
              "textAlign": "center",
            },
          },
          "ref": null,
          "rendered": Object {
            "instance": null,
            "key": undefined,
            "nodeType": "class",
            "props": Object {
              "data": Object {
                "datasets": Array [
                  Object {
                    "backgroundColor": Array [
                      "rgb(67, 170, 139)",
                      "hsl(161.89999999999998, 43.5%, 69.7%)",
                    ],
                    "data": Array [
                      1,
                      0,
                    ],
                    "label": false,
                  },
                ],
                "labels": Array [
                  "Available (GB)",
                  "Consumed (GB)",
                ],
              },
              "height": 100,
              "options": Object {
                "legend": false,
                "maintainAspectRatio": false,
                "title": false,
              },
              "redraw": false,
              "width": 100,
            },
            "ref": null,
            "rendered": null,
            "type": [Function],
          },
          "type": "div",
        },
        Object {
          "instance": null,
          "key": undefined,
          "nodeType": "host",
          "props": Object {
            "children": "1.0/1.0 GB",
            "style": Object {
              "letterSpacing": 1,
              "textAlign": "center",
            },
          },
          "ref": null,
          "rendered": "1.0/1.0 GB",
          "type": "div",
        },
      ],
      "type": [Function],
    },
  ],
  Symbol(enzyme.__options__): Object {
    "adapter": ReactSixteenAdapter {
      "options": Object {
        "enableComponentDidUpdateOnSetState": true,
        "lifecycles": Object {
          "componentDidUpdate": Object {
            "onSetState": true,
          },
          "getDerivedStateFromProps": true,
          "getSnapshotBeforeUpdate": true,
          "setState": Object {
            "skipsComponentDidUpdateOnNullish": true,
          },
        },
      },
    },
    "attachTo": undefined,
    "hydrateIn": undefined,
  },
}
`;
