// Jest Snapshot v1, https://goo.gl/fbAQLP

exports[`ApprovalDetails renders correctly 1`] = `
ShallowWrapper {
  Symbol(enzyme.__root__): [Circular],
  Symbol(enzyme.__unrendered__): <ApprovalDetails
    approveOperations={false}
    approveRisk={false}
  />,
  Symbol(enzyme.__renderer__): Object {
    "batchedUpdates": [Function],
    "getNode": [Function],
    "render": [Function],
    "simulateError": [Function],
    "simulateEvent": [Function],
    "unmount": [Function],
  },
  Symbol(enzyme.__node__): Object {
    "instance": null,
    "key": undefined,
    "nodeType": "class",
    "props": Object {
      "bodyStyle": Object {
        "display": "flex",
        "flex": 1,
        "flexDirection": "column",
      },
      "children": Array [
        <Label>
          approvals
        </Label>,
        <div
          style={
            Object {
              "alignItems": "center",
              "display": "flex",
              "flex": 1,
            }
          }
        >
          <Approval
            approve={false}
          >
            risk
          </Approval>
          <Approval
            approve={false}
          >
            ops
          </Approval>
        </div>,
      ],
      "style": Object {
        "display": "flex",
        "flex": 1,
      },
    },
    "ref": null,
    "rendered": Array [
      Object {
        "instance": null,
        "key": undefined,
        "nodeType": "function",
        "props": Object {
          "children": "approvals",
        },
        "ref": null,
        "rendered": "approvals",
        "type": [Function],
      },
      Object {
        "instance": null,
        "key": undefined,
        "nodeType": "host",
        "props": Object {
          "children": Array [
            <Approval
              approve={false}
            >
              risk
            </Approval>,
            <Approval
              approve={false}
            >
              ops
            </Approval>,
          ],
          "style": Object {
            "alignItems": "center",
            "display": "flex",
            "flex": 1,
          },
        },
        "ref": null,
        "rendered": Array [
          Object {
            "instance": null,
            "key": undefined,
            "nodeType": "function",
            "props": Object {
              "approvalDate": undefined,
              "approve": false,
              "children": "risk",
            },
            "ref": null,
            "rendered": "risk",
            "type": [Function],
          },
          Object {
            "instance": null,
            "key": undefined,
            "nodeType": "function",
            "props": Object {
              "approvalDate": undefined,
              "approve": false,
              "children": "ops",
            },
            "ref": null,
            "rendered": "ops",
            "type": [Function],
          },
        ],
        "type": "div",
      },
    ],
    "type": [Function],
  },
  Symbol(enzyme.__nodes__): Array [
    Object {
      "instance": null,
      "key": undefined,
      "nodeType": "class",
      "props": Object {
        "bodyStyle": Object {
          "display": "flex",
          "flex": 1,
          "flexDirection": "column",
        },
        "children": Array [
          <Label>
            approvals
          </Label>,
          <div
            style={
              Object {
                "alignItems": "center",
                "display": "flex",
                "flex": 1,
              }
            }
          >
            <Approval
              approve={false}
            >
              risk
            </Approval>
            <Approval
              approve={false}
            >
              ops
            </Approval>
          </div>,
        ],
        "style": Object {
          "display": "flex",
          "flex": 1,
        },
      },
      "ref": null,
      "rendered": Array [
        Object {
          "instance": null,
          "key": undefined,
          "nodeType": "function",
          "props": Object {
            "children": "approvals",
          },
          "ref": null,
          "rendered": "approvals",
          "type": [Function],
        },
        Object {
          "instance": null,
          "key": undefined,
          "nodeType": "host",
          "props": Object {
            "children": Array [
              <Approval
                approve={false}
              >
                risk
              </Approval>,
              <Approval
                approve={false}
              >
                ops
              </Approval>,
            ],
            "style": Object {
              "alignItems": "center",
              "display": "flex",
              "flex": 1,
            },
          },
          "ref": null,
          "rendered": Array [
            Object {
              "instance": null,
              "key": undefined,
              "nodeType": "function",
              "props": Object {
                "approvalDate": undefined,
                "approve": false,
                "children": "risk",
              },
              "ref": null,
              "rendered": "risk",
              "type": [Function],
            },
            Object {
              "instance": null,
              "key": undefined,
              "nodeType": "function",
              "props": Object {
                "approvalDate": undefined,
                "approve": false,
                "children": "ops",
              },
              "ref": null,
              "rendered": "ops",
              "type": [Function],
            },
          ],
          "type": "div",
        },
      ],
      "type": [Function],
    },
  ],
  Symbol(enzyme.__options__): Object {
    "adapter": ReactSixteenAdapter {
      "options": Object {
        "enableComponentDidUpdateOnSetState": true,
        "lifecycles": Object {
          "componentDidUpdate": Object {
            "onSetState": true,
          },
          "getDerivedStateFromProps": true,
          "getSnapshotBeforeUpdate": true,
          "setState": Object {
            "skipsComponentDidUpdateOnNullish": true,
          },
        },
      },
    },
    "attachTo": undefined,
    "hydrateIn": undefined,
  },
}
`;
