// Jest Snapshot v1, https://goo.gl/fbAQLP

exports[`ComplianceDetails renders correctly 1`] = `
ShallowWrapper {
  Symbol(enzyme.__root__): [Circular],
  Symbol(enzyme.__unrendered__): <ComplianceDetails
    pci={false}
    phi={false}
    pii={false}
  />,
  Symbol(enzyme.__renderer__): Object {
    "batchedUpdates": [Function],
    "getNode": [Function],
    "render": [Function],
    "simulateError": [Function],
    "simulateEvent": [Function],
    "unmount": [Function],
  },
  Symbol(enzyme.__node__): Object {
    "instance": null,
    "key": undefined,
    "nodeType": "class",
    "props": Object {
      "bodyStyle": Object {
        "display": "flex",
        "flex": 1,
        "flexDirection": "column",
      },
      "children": Array [
        <Label>
          compliance
        </Label>,
        <div
          style={
            Object {
              "alignItems": "center",
              "display": "flex",
              "flex": 1,
            }
          }
        >
          <ComplianceItem
            checked={false}
            icon="bank"
          >
            PCI
          </ComplianceItem>
          <ComplianceItem
            checked={false}
            icon="medicine-box"
          >
            PHI
          </ComplianceItem>
          <ComplianceItem
            checked={false}
            icon="idcard"
          >
            PII
          </ComplianceItem>
        </div>,
      ],
      "style": Object {
        "display": "flex",
        "flex": 1,
      },
    },
    "ref": null,
    "rendered": Array [
      Object {
        "instance": null,
        "key": undefined,
        "nodeType": "function",
        "props": Object {
          "children": "compliance",
        },
        "ref": null,
        "rendered": "compliance",
        "type": [Function],
      },
      Object {
        "instance": null,
        "key": undefined,
        "nodeType": "host",
        "props": Object {
          "children": Array [
            <ComplianceItem
              checked={false}
              icon="bank"
            >
              PCI
            </ComplianceItem>,
            <ComplianceItem
              checked={false}
              icon="medicine-box"
            >
              PHI
            </ComplianceItem>,
            <ComplianceItem
              checked={false}
              icon="idcard"
            >
              PII
            </ComplianceItem>,
          ],
          "style": Object {
            "alignItems": "center",
            "display": "flex",
            "flex": 1,
          },
        },
        "ref": null,
        "rendered": Array [
          Object {
            "instance": null,
            "key": undefined,
            "nodeType": "function",
            "props": Object {
              "checked": false,
              "children": "PCI",
              "icon": "bank",
            },
            "ref": null,
            "rendered": "PCI",
            "type": [Function],
          },
          Object {
            "instance": null,
            "key": undefined,
            "nodeType": "function",
            "props": Object {
              "checked": false,
              "children": "PHI",
              "icon": "medicine-box",
            },
            "ref": null,
            "rendered": "PHI",
            "type": [Function],
          },
          Object {
            "instance": null,
            "key": undefined,
            "nodeType": "function",
            "props": Object {
              "checked": false,
              "children": "PII",
              "icon": "idcard",
            },
            "ref": null,
            "rendered": "PII",
            "type": [Function],
          },
        ],
        "type": "div",
      },
    ],
    "type": [Function],
  },
  Symbol(enzyme.__nodes__): Array [
    Object {
      "instance": null,
      "key": undefined,
      "nodeType": "class",
      "props": Object {
        "bodyStyle": Object {
          "display": "flex",
          "flex": 1,
          "flexDirection": "column",
        },
        "children": Array [
          <Label>
            compliance
          </Label>,
          <div
            style={
              Object {
                "alignItems": "center",
                "display": "flex",
                "flex": 1,
              }
            }
          >
            <ComplianceItem
              checked={false}
              icon="bank"
            >
              PCI
            </ComplianceItem>
            <ComplianceItem
              checked={false}
              icon="medicine-box"
            >
              PHI
            </ComplianceItem>
            <ComplianceItem
              checked={false}
              icon="idcard"
            >
              PII
            </ComplianceItem>
          </div>,
        ],
        "style": Object {
          "display": "flex",
          "flex": 1,
        },
      },
      "ref": null,
      "rendered": Array [
        Object {
          "instance": null,
          "key": undefined,
          "nodeType": "function",
          "props": Object {
            "children": "compliance",
          },
          "ref": null,
          "rendered": "compliance",
          "type": [Function],
        },
        Object {
          "instance": null,
          "key": undefined,
          "nodeType": "host",
          "props": Object {
            "children": Array [
              <ComplianceItem
                checked={false}
                icon="bank"
              >
                PCI
              </ComplianceItem>,
              <ComplianceItem
                checked={false}
                icon="medicine-box"
              >
                PHI
              </ComplianceItem>,
              <ComplianceItem
                checked={false}
                icon="idcard"
              >
                PII
              </ComplianceItem>,
            ],
            "style": Object {
              "alignItems": "center",
              "display": "flex",
              "flex": 1,
            },
          },
          "ref": null,
          "rendered": Array [
            Object {
              "instance": null,
              "key": undefined,
              "nodeType": "function",
              "props": Object {
                "checked": false,
                "children": "PCI",
                "icon": "bank",
              },
              "ref": null,
              "rendered": "PCI",
              "type": [Function],
            },
            Object {
              "instance": null,
              "key": undefined,
              "nodeType": "function",
              "props": Object {
                "checked": false,
                "children": "PHI",
                "icon": "medicine-box",
              },
              "ref": null,
              "rendered": "PHI",
              "type": [Function],
            },
            Object {
              "instance": null,
              "key": undefined,
              "nodeType": "function",
              "props": Object {
                "checked": false,
                "children": "PII",
                "icon": "idcard",
              },
              "ref": null,
              "rendered": "PII",
              "type": [Function],
            },
          ],
          "type": "div",
        },
      ],
      "type": [Function],
    },
  ],
  Symbol(enzyme.__options__): Object {
    "adapter": ReactSixteenAdapter {
      "options": Object {
        "enableComponentDidUpdateOnSetState": true,
        "lifecycles": Object {
          "componentDidUpdate": Object {
            "onSetState": true,
          },
          "getDerivedStateFromProps": true,
          "getSnapshotBeforeUpdate": true,
          "setState": Object {
            "skipsComponentDidUpdateOnNullish": true,
          },
        },
      },
    },
    "attachTo": undefined,
    "hydrateIn": undefined,
  },
}
`;
