// Jest Snapshot v1, https://goo.gl/fbAQLP

exports[`DescriptionDetails renders correctly 1`] = `
ShallowWrapper {
  Symbol(enzyme.__root__): [Circular],
  Symbol(enzyme.__unrendered__): <DescriptionDetails
    description=""
  />,
  Symbol(enzyme.__renderer__): Object {
    "batchedUpdates": [Function],
    "getNode": [Function],
    "render": [Function],
    "simulateError": [Function],
    "simulateEvent": [Function],
    "unmount": [Function],
  },
  Symbol(enzyme.__node__): Object {
    "instance": null,
    "key": undefined,
    "nodeType": "class",
    "props": Object {
      "bodyStyle": Object {
        "display": "flex",
        "flex": 1,
        "flexDirection": "column",
      },
      "children": Array [
        <Label>
          description
        </Label>,
        <div
          style={
            Object {
              "alignItems": "center",
              "display": "flex",
              "flex": 1,
              "flexDirection": "column",
              "justifyContent": "center",
              "textAlign": "center",
            }
          }
        >
          <p
            style={
              Object {
                "marginBottom": 0,
                "textAlign": "center",
              }
            }
          >
            
          </p>
        </div>,
      ],
      "style": Object {
        "display": "flex",
        "flex": 1,
      },
    },
    "ref": null,
    "rendered": Array [
      Object {
        "instance": null,
        "key": undefined,
        "nodeType": "function",
        "props": Object {
          "children": "description",
        },
        "ref": null,
        "rendered": "description",
        "type": [Function],
      },
      Object {
        "instance": null,
        "key": undefined,
        "nodeType": "host",
        "props": Object {
          "children": <p
            style={
              Object {
                "marginBottom": 0,
                "textAlign": "center",
              }
            }
          >
            
          </p>,
          "style": Object {
            "alignItems": "center",
            "display": "flex",
            "flex": 1,
            "flexDirection": "column",
            "justifyContent": "center",
            "textAlign": "center",
          },
        },
        "ref": null,
        "rendered": Object {
          "instance": null,
          "key": undefined,
          "nodeType": "host",
          "props": Object {
            "children": "",
            "style": Object {
              "marginBottom": 0,
              "textAlign": "center",
            },
          },
          "ref": null,
          "rendered": "",
          "type": "p",
        },
        "type": "div",
      },
    ],
    "type": [Function],
  },
  Symbol(enzyme.__nodes__): Array [
    Object {
      "instance": null,
      "key": undefined,
      "nodeType": "class",
      "props": Object {
        "bodyStyle": Object {
          "display": "flex",
          "flex": 1,
          "flexDirection": "column",
        },
        "children": Array [
          <Label>
            description
          </Label>,
          <div
            style={
              Object {
                "alignItems": "center",
                "display": "flex",
                "flex": 1,
                "flexDirection": "column",
                "justifyContent": "center",
                "textAlign": "center",
              }
            }
          >
            <p
              style={
                Object {
                  "marginBottom": 0,
                  "textAlign": "center",
                }
              }
            >
              
            </p>
          </div>,
        ],
        "style": Object {
          "display": "flex",
          "flex": 1,
        },
      },
      "ref": null,
      "rendered": Array [
        Object {
          "instance": null,
          "key": undefined,
          "nodeType": "function",
          "props": Object {
            "children": "description",
          },
          "ref": null,
          "rendered": "description",
          "type": [Function],
        },
        Object {
          "instance": null,
          "key": undefined,
          "nodeType": "host",
          "props": Object {
            "children": <p
              style={
                Object {
                  "marginBottom": 0,
                  "textAlign": "center",
                }
              }
            >
              
            </p>,
            "style": Object {
              "alignItems": "center",
              "display": "flex",
              "flex": 1,
              "flexDirection": "column",
              "justifyContent": "center",
              "textAlign": "center",
            },
          },
          "ref": null,
          "rendered": Object {
            "instance": null,
            "key": undefined,
            "nodeType": "host",
            "props": Object {
              "children": "",
              "style": Object {
                "marginBottom": 0,
                "textAlign": "center",
              },
            },
            "ref": null,
            "rendered": "",
            "type": "p",
          },
          "type": "div",
        },
      ],
      "type": [Function],
    },
  ],
  Symbol(enzyme.__options__): Object {
    "adapter": ReactSixteenAdapter {
      "options": Object {
        "enableComponentDidUpdateOnSetState": true,
        "lifecycles": Object {
          "componentDidUpdate": Object {
            "onSetState": true,
          },
          "getDerivedStateFromProps": true,
          "getSnapshotBeforeUpdate": true,
          "setState": Object {
            "skipsComponentDidUpdateOnNullish": true,
          },
        },
      },
    },
    "attachTo": undefined,
    "hydrateIn": undefined,
  },
}
`;
