// Jest Snapshot v1, https://goo.gl/fbAQLP

exports[`Behavior renders correctly 1`] = `
ShallowWrapper {
  Symbol(enzyme.__root__): [Circular],
  Symbol(enzyme.__unrendered__): <Behavior
    behaviorKey=""
    icon=""
    onChange={[Function]}
    title=""
  />,
  Symbol(enzyme.__renderer__): Object {
    "batchedUpdates": [Function],
    "getNode": [Function],
    "render": [Function],
    "simulateError": [Function],
    "simulateEvent": [Function],
    "unmount": [Function],
  },
  Symbol(enzyme.__node__): Object {
    "instance": null,
    "key": undefined,
    "nodeType": "class",
    "props": Object {
      "bodyStyle": Object {
        "textAlign": "center",
      },
      "children": Array [
        <div
          style={
            Object {
              "opacity": 0,
              "position": "absolute",
              "right": 25,
              "top": 25,
              "transition": "opacity 300ms",
            }
          }
        >
          <Icon
            style={
              Object {
                "fontSize": 14,
              }
            }
            type="check"
          />
        </div>,
        <Icon
          style={
            Object {
              "fontSize": 42,
            }
          }
          type=""
        />,
        <div
          style={
            Object {
              "fontSize": 14,
              "textTransform": "uppercase",
            }
          }
        >
          
        </div>,
        undefined,
        undefined,
      ],
      "hoverable": true,
      "onClick": [Function],
      "style": Object {
        "borderRadius": 3,
      },
    },
    "ref": null,
    "rendered": Array [
      Object {
        "instance": null,
        "key": undefined,
        "nodeType": "host",
        "props": Object {
          "children": <Icon
            style={
              Object {
                "fontSize": 14,
              }
            }
            type="check"
          />,
          "style": Object {
            "opacity": 0,
            "position": "absolute",
            "right": 25,
            "top": 25,
            "transition": "opacity 300ms",
          },
        },
        "ref": null,
        "rendered": Object {
          "instance": null,
          "key": undefined,
          "nodeType": "function",
          "props": Object {
            "style": Object {
              "fontSize": 14,
            },
            "type": "check",
          },
          "ref": null,
          "rendered": null,
          "type": [Function],
        },
        "type": "div",
      },
      Object {
        "instance": null,
        "key": undefined,
        "nodeType": "function",
        "props": Object {
          "style": Object {
            "fontSize": 42,
          },
          "type": "",
        },
        "ref": null,
        "rendered": null,
        "type": [Function],
      },
      Object {
        "instance": null,
        "key": undefined,
        "nodeType": "host",
        "props": Object {
          "children": "",
          "style": Object {
            "fontSize": 14,
            "textTransform": "uppercase",
          },
        },
        "ref": null,
        "rendered": "",
        "type": "div",
      },
      undefined,
      undefined,
    ],
    "type": [Function],
  },
  Symbol(enzyme.__nodes__): Array [
    Object {
      "instance": null,
      "key": undefined,
      "nodeType": "class",
      "props": Object {
        "bodyStyle": Object {
          "textAlign": "center",
        },
        "children": Array [
          <div
            style={
              Object {
                "opacity": 0,
                "position": "absolute",
                "right": 25,
                "top": 25,
                "transition": "opacity 300ms",
              }
            }
          >
            <Icon
              style={
                Object {
                  "fontSize": 14,
                }
              }
              type="check"
            />
          </div>,
          <Icon
            style={
              Object {
                "fontSize": 42,
              }
            }
            type=""
          />,
          <div
            style={
              Object {
                "fontSize": 14,
                "textTransform": "uppercase",
              }
            }
          >
            
          </div>,
          undefined,
          undefined,
        ],
        "hoverable": true,
        "onClick": [Function],
        "style": Object {
          "borderRadius": 3,
        },
      },
      "ref": null,
      "rendered": Array [
        Object {
          "instance": null,
          "key": undefined,
          "nodeType": "host",
          "props": Object {
            "children": <Icon
              style={
                Object {
                  "fontSize": 14,
                }
              }
              type="check"
            />,
            "style": Object {
              "opacity": 0,
              "position": "absolute",
              "right": 25,
              "top": 25,
              "transition": "opacity 300ms",
            },
          },
          "ref": null,
          "rendered": Object {
            "instance": null,
            "key": undefined,
            "nodeType": "function",
            "props": Object {
              "style": Object {
                "fontSize": 14,
              },
              "type": "check",
            },
            "ref": null,
            "rendered": null,
            "type": [Function],
          },
          "type": "div",
        },
        Object {
          "instance": null,
          "key": undefined,
          "nodeType": "function",
          "props": Object {
            "style": Object {
              "fontSize": 42,
            },
            "type": "",
          },
          "ref": null,
          "rendered": null,
          "type": [Function],
        },
        Object {
          "instance": null,
          "key": undefined,
          "nodeType": "host",
          "props": Object {
            "children": "",
            "style": Object {
              "fontSize": 14,
              "textTransform": "uppercase",
            },
          },
          "ref": null,
          "rendered": "",
          "type": "div",
        },
        undefined,
        undefined,
      ],
      "type": [Function],
    },
  ],
  Symbol(enzyme.__options__): Object {
    "adapter": ReactSixteenAdapter {
      "options": Object {
        "enableComponentDidUpdateOnSetState": true,
        "lifecycles": Object {
          "componentDidUpdate": Object {
            "onSetState": true,
          },
          "getDerivedStateFromProps": true,
          "getSnapshotBeforeUpdate": true,
          "setState": Object {
            "skipsComponentDidUpdateOnNullish": true,
          },
        },
      },
    },
    "attachTo": undefined,
    "hydrateIn": undefined,
  },
}
`;
