// Jest Snapshot v1, https://goo.gl/fbAQLP

exports[`WorkspaceListItem renders correctly 1`] = `
ShallowWrapper {
  Symbol(enzyme.__root__): [Circular],
  Symbol(enzyme.__unrendered__): <WorkspaceListItem
    onSelected={[Function]}
    workspace={
      Object {
        "applications": Array [],
        "behavior": "",
        "compliance": Object {
          "pci_data": false,
          "phi_data": false,
          "pii_data": false,
        },
        "data": Array [
          Object {
            "consumed_in_gb": 0,
            "location": "",
            "managing_group": Object {
              "group": Object {
                "common_name": "",
                "distinguished_name": "",
                "sentry_role": "",
              },
            },
            "name": "",
            "size_in_gb": 0,
          },
        ],
        "description": "",
        "id": 0,
        "name": "",
        "processing": Array [
          Object {
            "id": 0,
            "max_cores": 0,
            "max_memory_in_gb": 0,
            "pool_name": "",
          },
        ],
        "requested_date": 1970-01-01T00:00:00.000Z,
        "requester": "",
        "single_user": false,
        "summary": "",
        "topics": Array [],
      }
    }
  />,
  Symbol(enzyme.__renderer__): Object {
    "batchedUpdates": [Function],
    "getNode": [Function],
    "render": [Function],
    "simulateError": [Function],
    "simulateEvent": [Function],
    "unmount": [Function],
  },
  Symbol(enzyme.__node__): Object {
    "instance": null,
    "key": undefined,
    "nodeType": "class",
    "props": Object {
      "children": <Card
        bodyStyle={
          Object {
            "paddingBottom": 50,
            "paddingTop": 50,
            "textAlign": "center",
          }
        }
        bordered={true}
        hoverable={true}
        onClick={[Function]}
      >
        <ApprovalMessage />
        <Row
          gutter={0}
          type="flex"
        >
          <Col
            span={24}
          >
            <div
              style={
                Object {
                  "fontSize": 26,
                }
              }
            >
              
            </div>
            <div
              style={
                Object {
                  "marginBottom": 10,
                  "marginTop": 10,
                  "textAlign": "center",
                }
              }
            >
              <Icon
                style={
                  Object {
                    "fontSize": 20,
                  }
                }
                type="deployment-unit"
              />
              <div
                style={
                  Object {
                    "fontSize": 12,
                    "textTransform": "uppercase",
                  }
                }
              >
                
                 workspace
              </div>
            </div>
            <p>
              
            </p>
          </Col>
        </Row>
      </Card>,
      "style": Object {
        "paddingLeft": 12,
        "paddingRight": 12,
      },
    },
    "ref": null,
    "rendered": Object {
      "instance": null,
      "key": undefined,
      "nodeType": "class",
      "props": Object {
        "bodyStyle": Object {
          "paddingBottom": 50,
          "paddingTop": 50,
          "textAlign": "center",
        },
        "bordered": true,
        "children": Array [
          <ApprovalMessage />,
          <Row
            gutter={0}
            type="flex"
          >
            <Col
              span={24}
            >
              <div
                style={
                  Object {
                    "fontSize": 26,
                  }
                }
              >
                
              </div>
              <div
                style={
                  Object {
                    "marginBottom": 10,
                    "marginTop": 10,
                    "textAlign": "center",
                  }
                }
              >
                <Icon
                  style={
                    Object {
                      "fontSize": 20,
                    }
                  }
                  type="deployment-unit"
                />
                <div
                  style={
                    Object {
                      "fontSize": 12,
                      "textTransform": "uppercase",
                    }
                  }
                >
                  
                   workspace
                </div>
              </div>
              <p>
                
              </p>
            </Col>
          </Row>,
        ],
        "hoverable": true,
        "onClick": [Function],
      },
      "ref": null,
      "rendered": Array [
        Object {
          "instance": null,
          "key": undefined,
          "nodeType": "function",
          "props": Object {},
          "ref": null,
          "rendered": null,
          "type": [Function],
        },
        Object {
          "instance": null,
          "key": undefined,
          "nodeType": "class",
          "props": Object {
            "children": <Col
              span={24}
            >
              <div
                style={
                  Object {
                    "fontSize": 26,
                  }
                }
              >
                
              </div>
              <div
                style={
                  Object {
                    "marginBottom": 10,
                    "marginTop": 10,
                    "textAlign": "center",
                  }
                }
              >
                <Icon
                  style={
                    Object {
                      "fontSize": 20,
                    }
                  }
                  type="deployment-unit"
                />
                <div
                  style={
                    Object {
                      "fontSize": 12,
                      "textTransform": "uppercase",
                    }
                  }
                >
                  
                   workspace
                </div>
              </div>
              <p>
                
              </p>
            </Col>,
            "gutter": 0,
            "type": "flex",
          },
          "ref": null,
          "rendered": Object {
            "instance": null,
            "key": undefined,
            "nodeType": "class",
            "props": Object {
              "children": Array [
                <div
                  style={
                    Object {
                      "fontSize": 26,
                    }
                  }
                >
                  
                </div>,
                <div
                  style={
                    Object {
                      "marginBottom": 10,
                      "marginTop": 10,
                      "textAlign": "center",
                    }
                  }
                >
                  <Icon
                    style={
                      Object {
                        "fontSize": 20,
                      }
                    }
                    type="deployment-unit"
                  />
                  <div
                    style={
                      Object {
                        "fontSize": 12,
                        "textTransform": "uppercase",
                      }
                    }
                  >
                    
                     workspace
                  </div>
                </div>,
                <p>
                  
                </p>,
              ],
              "span": 24,
            },
            "ref": null,
            "rendered": Array [
              Object {
                "instance": null,
                "key": undefined,
                "nodeType": "host",
                "props": Object {
                  "children": "",
                  "style": Object {
                    "fontSize": 26,
                  },
                },
                "ref": null,
                "rendered": "",
                "type": "div",
              },
              Object {
                "instance": null,
                "key": undefined,
                "nodeType": "host",
                "props": Object {
                  "children": Array [
                    <Icon
                      style={
                        Object {
                          "fontSize": 20,
                        }
                      }
                      type="deployment-unit"
                    />,
                    <div
                      style={
                        Object {
                          "fontSize": 12,
                          "textTransform": "uppercase",
                        }
                      }
                    >
                      
                       workspace
                    </div>,
                  ],
                  "style": Object {
                    "marginBottom": 10,
                    "marginTop": 10,
                    "textAlign": "center",
                  },
                },
                "ref": null,
                "rendered": Array [
                  Object {
                    "instance": null,
                    "key": undefined,
                    "nodeType": "function",
                    "props": Object {
                      "style": Object {
                        "fontSize": 20,
                      },
                      "type": "deployment-unit",
                    },
                    "ref": null,
                    "rendered": null,
                    "type": [Function],
                  },
                  Object {
                    "instance": null,
                    "key": undefined,
                    "nodeType": "host",
                    "props": Object {
                      "children": Array [
                        "",
                        " workspace",
                      ],
                      "style": Object {
                        "fontSize": 12,
                        "textTransform": "uppercase",
                      },
                    },
                    "ref": null,
                    "rendered": Array [
                      "",
                      " workspace",
                    ],
                    "type": "div",
                  },
                ],
                "type": "div",
              },
              Object {
                "instance": null,
                "key": undefined,
                "nodeType": "host",
                "props": Object {
                  "children": "",
                },
                "ref": null,
                "rendered": "",
                "type": "p",
              },
            ],
            "type": [Function],
          },
          "type": [Function],
        },
      ],
      "type": [Function],
    },
    "type": [Function],
  },
  Symbol(enzyme.__nodes__): Array [
    Object {
      "instance": null,
      "key": undefined,
      "nodeType": "class",
      "props": Object {
        "children": <Card
          bodyStyle={
            Object {
              "paddingBottom": 50,
              "paddingTop": 50,
              "textAlign": "center",
            }
          }
          bordered={true}
          hoverable={true}
          onClick={[Function]}
        >
          <ApprovalMessage />
          <Row
            gutter={0}
            type="flex"
          >
            <Col
              span={24}
            >
              <div
                style={
                  Object {
                    "fontSize": 26,
                  }
                }
              >
                
              </div>
              <div
                style={
                  Object {
                    "marginBottom": 10,
                    "marginTop": 10,
                    "textAlign": "center",
                  }
                }
              >
                <Icon
                  style={
                    Object {
                      "fontSize": 20,
                    }
                  }
                  type="deployment-unit"
                />
                <div
                  style={
                    Object {
                      "fontSize": 12,
                      "textTransform": "uppercase",
                    }
                  }
                >
                  
                   workspace
                </div>
              </div>
              <p>
                
              </p>
            </Col>
          </Row>
        </Card>,
        "style": Object {
          "paddingLeft": 12,
          "paddingRight": 12,
        },
      },
      "ref": null,
      "rendered": Object {
        "instance": null,
        "key": undefined,
        "nodeType": "class",
        "props": Object {
          "bodyStyle": Object {
            "paddingBottom": 50,
            "paddingTop": 50,
            "textAlign": "center",
          },
          "bordered": true,
          "children": Array [
            <ApprovalMessage />,
            <Row
              gutter={0}
              type="flex"
            >
              <Col
                span={24}
              >
                <div
                  style={
                    Object {
                      "fontSize": 26,
                    }
                  }
                >
                  
                </div>
                <div
                  style={
                    Object {
                      "marginBottom": 10,
                      "marginTop": 10,
                      "textAlign": "center",
                    }
                  }
                >
                  <Icon
                    style={
                      Object {
                        "fontSize": 20,
                      }
                    }
                    type="deployment-unit"
                  />
                  <div
                    style={
                      Object {
                        "fontSize": 12,
                        "textTransform": "uppercase",
                      }
                    }
                  >
                    
                     workspace
                  </div>
                </div>
                <p>
                  
                </p>
              </Col>
            </Row>,
          ],
          "hoverable": true,
          "onClick": [Function],
        },
        "ref": null,
        "rendered": Array [
          Object {
            "instance": null,
            "key": undefined,
            "nodeType": "function",
            "props": Object {},
            "ref": null,
            "rendered": null,
            "type": [Function],
          },
          Object {
            "instance": null,
            "key": undefined,
            "nodeType": "class",
            "props": Object {
              "children": <Col
                span={24}
              >
                <div
                  style={
                    Object {
                      "fontSize": 26,
                    }
                  }
                >
                  
                </div>
                <div
                  style={
                    Object {
                      "marginBottom": 10,
                      "marginTop": 10,
                      "textAlign": "center",
                    }
                  }
                >
                  <Icon
                    style={
                      Object {
                        "fontSize": 20,
                      }
                    }
                    type="deployment-unit"
                  />
                  <div
                    style={
                      Object {
                        "fontSize": 12,
                        "textTransform": "uppercase",
                      }
                    }
                  >
                    
                     workspace
                  </div>
                </div>
                <p>
                  
                </p>
              </Col>,
              "gutter": 0,
              "type": "flex",
            },
            "ref": null,
            "rendered": Object {
              "instance": null,
              "key": undefined,
              "nodeType": "class",
              "props": Object {
                "children": Array [
                  <div
                    style={
                      Object {
                        "fontSize": 26,
                      }
                    }
                  >
                    
                  </div>,
                  <div
                    style={
                      Object {
                        "marginBottom": 10,
                        "marginTop": 10,
                        "textAlign": "center",
                      }
                    }
                  >
                    <Icon
                      style={
                        Object {
                          "fontSize": 20,
                        }
                      }
                      type="deployment-unit"
                    />
                    <div
                      style={
                        Object {
                          "fontSize": 12,
                          "textTransform": "uppercase",
                        }
                      }
                    >
                      
                       workspace
                    </div>
                  </div>,
                  <p>
                    
                  </p>,
                ],
                "span": 24,
              },
              "ref": null,
              "rendered": Array [
                Object {
                  "instance": null,
                  "key": undefined,
                  "nodeType": "host",
                  "props": Object {
                    "children": "",
                    "style": Object {
                      "fontSize": 26,
                    },
                  },
                  "ref": null,
                  "rendered": "",
                  "type": "div",
                },
                Object {
                  "instance": null,
                  "key": undefined,
                  "nodeType": "host",
                  "props": Object {
                    "children": Array [
                      <Icon
                        style={
                          Object {
                            "fontSize": 20,
                          }
                        }
                        type="deployment-unit"
                      />,
                      <div
                        style={
                          Object {
                            "fontSize": 12,
                            "textTransform": "uppercase",
                          }
                        }
                      >
                        
                         workspace
                      </div>,
                    ],
                    "style": Object {
                      "marginBottom": 10,
                      "marginTop": 10,
                      "textAlign": "center",
                    },
                  },
                  "ref": null,
                  "rendered": Array [
                    Object {
                      "instance": null,
                      "key": undefined,
                      "nodeType": "function",
                      "props": Object {
                        "style": Object {
                          "fontSize": 20,
                        },
                        "type": "deployment-unit",
                      },
                      "ref": null,
                      "rendered": null,
                      "type": [Function],
                    },
                    Object {
                      "instance": null,
                      "key": undefined,
                      "nodeType": "host",
                      "props": Object {
                        "children": Array [
                          "",
                          " workspace",
                        ],
                        "style": Object {
                          "fontSize": 12,
                          "textTransform": "uppercase",
                        },
                      },
                      "ref": null,
                      "rendered": Array [
                        "",
                        " workspace",
                      ],
                      "type": "div",
                    },
                  ],
                  "type": "div",
                },
                Object {
                  "instance": null,
                  "key": undefined,
                  "nodeType": "host",
                  "props": Object {
                    "children": "",
                  },
                  "ref": null,
                  "rendered": "",
                  "type": "p",
                },
              ],
              "type": [Function],
            },
            "type": [Function],
          },
        ],
        "type": [Function],
      },
      "type": [Function],
    },
  ],
  Symbol(enzyme.__options__): Object {
    "adapter": ReactSixteenAdapter {
      "options": Object {
        "enableComponentDidUpdateOnSetState": true,
        "lifecycles": Object {
          "componentDidUpdate": Object {
            "onSetState": true,
          },
          "getDerivedStateFromProps": true,
          "getSnapshotBeforeUpdate": true,
          "setState": Object {
            "skipsComponentDidUpdateOnNullish": true,
          },
        },
      },
    },
    "attachTo": undefined,
    "hydrateIn": undefined,
  },
}
`;
