// Jest Snapshot v1, https://goo.gl/fbAQLP

exports[`PersonalWorkspace renders correctly 1`] = `ShallowWrapper {}`;
